
> @prc/quiz-builder@4.2.0 build
> wp-scripts build --webpack-copy-php && wp-scripts build --experimental-modules --webpack-copy-php && wp-scripts build-blocks-manifest

assets by status 267 KiB [compared for emit] 77 assets
assets by chunk 4.06 KiB (name: result-histogram/style-index)
  asset result-histogram/style-index-rtl.css 2.03 KiB [emitted] (name: result-histogram/style-index) (id hint: style)
  asset result-histogram/style-index.css 2.03 KiB [emitted] (name: result-histogram/style-index) (id hint: style)
assets by chunk 1.8 KiB (name: result-table/style-index)
  asset result-table/style-index-rtl.css 923 bytes [emitted] (name: result-table/style-index) (id hint: style)
  asset result-table/style-index.css 923 bytes [emitted] (name: result-table/style-index) (id hint: style)
assets by path results/*.css 332 bytes
  asset results/style-index-rtl.css 166 bytes [emitted] (name: results/style-index) (id hint: style)
  asset results/style-index.css 166 bytes [emitted] (name: results/style-index) (id hint: style)
+ 10 assets
orphan modules 1.39 MiB (javascript) 20.1 KiB (runtime) [orphan] 1275 modules
runtime modules 30.8 KiB 42 modules
built modules 11.9 KiB (css/mini-extract) 498 KiB (javascript) [built]
  cacheable modules 11.9 KiB (css/mini-extract) 8.22 KiB (javascript)
    modules by path ./src/ 11.9 KiB 22 modules
    javascript modules 8.22 KiB
      ../../node_modules/remove-accents/index.js 6.07 KiB [built] [code generated]
      ../../node_modules/use-sync-external-store/shim/index.js 234 bytes [built] [code generated]
      ../../node_modules/use-sync-external-store/cjs/use-sync-external-store-shim...(truncated) 1.92 KiB [built] [code generated]
  + 14 modules
webpack 5.106.2 compiled successfully in 3625 ms
assets by chunk 20 KiB (id hint: style) 22 assets
assets by chunk 136 KiB (name: controller/index) 4 assets
assets by chunk 13.3 KiB (name: question/index) 4 assets
assets by chunk 9.54 KiB (name: answer/index) 4 assets
assets by chunk 10.5 KiB (name: result-histogram/index) 4 assets
assets by chunk 9.48 KiB (name: result-table/index) 4 assets
assets by path synced-quiz/ 9.89 KiB 4 assets
assets by chunk 4.53 KiB (name: page/index) 4 assets
assets by chunk 3.15 KiB (name: result-score/index) 4 assets
assets by chunk 3.24 KiB (name: pages/index) 4 assets
assets by chunk 2.68 KiB (name: progress-bar/index) 4 assets
assets by chunk 2.6 KiB (name: group-results/index) 4 assets
assets by path bindings/ 9.92 KiB 3 assets
assets by path results/*.php 9.64 KiB 2 assets
+ 22 assets
orphan modules 1.39 MiB (javascript) 20.1 KiB (runtime) [orphan] 1275 modules
runtime modules 30.8 KiB 42 modules
built modules 11.9 KiB (css/mini-extract) 498 KiB (javascript) [built]
  cacheable modules 11.9 KiB (css/mini-extract) 8.22 KiB (javascript)
    modules by path ./src/ 11.9 KiB 22 modules
    javascript modules 8.22 KiB
      ../../node_modules/remove-accents/index.js 6.07 KiB [built] [code generated]
      ../../node_modules/use-sync-external-store/shim/index.js 234 bytes [built] [code generated]
      ../../node_modules/use-sync-external-store/cjs/use-sync-external-store-shim...(truncated) 1.92 KiB [built] [code generated]
  + 14 modules
webpack 5.106.2 compiled successfully in 3110 ms

assets by path controller/ 20.4 KiB 2 assets
assets by path group-results/ 3.1 KiB 2 assets
assets by path result-histogram/ 2.68 KiB 2 assets
assets by path results/ 1.95 KiB 2 assets
assets by path result-table/ 1.77 KiB 2 assets
assets by path page/ 1.4 KiB 2 assets
assets by path progress-bar/ 1 KiB 2 assets
assets by path answer/ 707 bytes 2 assets
assets by path pages/ 549 bytes 2 assets
assets by path question/ 255 bytes 2 assets
orphan modules 27 KiB [orphan] 7 modules
runtime modules 663 bytes 3 modules
built modules 85.3 KiB [built]
  modules by path ./src/ 74.9 KiB
    ./src/answer/view.js + 1 modules 1.98 KiB [not cacheable] [built] [code generated]
    ./src/controller/view.js + 6 modules 42 KiB [not cacheable] [built] [code generated]
    ./src/group-results/view.js + 2 modules 7.76 KiB [not cacheable] [built] [code generated]
    ./src/page/view.js + 2 modules 3.35 KiB [not cacheable] [built] [code generated]
    + 6 modules
  cacheable modules 10.3 KiB
    ../../node_modules/md5/md5.js 5.89 KiB [built] [code generated]
    ../../node_modules/crypt/crypt.js 2.9 KiB [built] [code generated]
    ../../node_modules/charenc/charenc.js 850 bytes [built] [code generated]
    ../../node_modules/is-buffer/index.js 698 bytes [built] [code generated]
  external "@wordpress/interactivity-router" 42 bytes [optional] [built] [code generated]
webpack 5.106.2 compiled successfully in 1338 ms
Block metadata PHP file generated at: build/blocks-manifest.php
