
> @prc-quiz/shared-components@0.1.2 build
> wp-scripts build src/index.js --output-path=build

asset [1m[33mindex.js[39m[22m [1m[33m751 KiB[39m[22m [1m[32m[emitted][39m[22m [1m[32m[minimized][39m[22m [1m[33m[big][39m[22m (name: index)
asset [1m[32mindex.asset.php[39m[22m 379 bytes [1m[32m[emitted][39m[22m (name: index)
Entrypoint [1mindex[39m[22m [1m[33m[big][39m[22m 751 KiB = [1m[32mindex.js[39m[22m 751 KiB [1m[32mindex.asset.php[39m[22m 379 bytes
orphan modules 6.39 MiB [1m[33m[orphan][39m[22m 3047 modules
runtime modules 2.06 KiB 5 modules
built modules 2.09 MiB [1m[33m[built][39m[22m
  cacheable modules 13 KiB
    modules by path [1m../../../../node_modules/use-sync-external-store/[39m[22m 5.03 KiB
      modules by path [1m../../../../node_modules/use-sync-external-store/shim/*.js[39m[22m 496 bytes
        [1m../../../../node_modules/use-sync-external-store/shim/index.js[39m[22m 234 bytes [1m[33m[built][39m[22m [1m[33m[code generated][39m[22m
        [1m../../../../node_modules/use-sync-external-store/shim/with-selector.js[39m[22m 262 bytes [1m[33m[built][39m[22m [1m[33m[code generated][39m[22m
      modules by path [1m../../../../node_modules/use-sync-external-store/cjs/[39m[22m 4.54 KiB
        [1m../../../../node_modules/use-sync-external-store/cjs/use-sync-external-store-shi...(truncated)[39m[22m 1.92 KiB [1m[33m[built][39m[22m [1m[33m[code generated][39m[22m
        [1m../../../../node_modules/use-sync-external-store/cjs/use-sync-external-store-shi...(truncated)[39m[22m 2.62 KiB [1m[33m[built][39m[22m [1m[33m[code generated][39m[22m
    [1m../../../../node_modules/remove-accents/index.js[39m[22m 6.07 KiB [1m[33m[built][39m[22m [1m[33m[code generated][39m[22m
    [1m../../../../node_modules/fast-deep-equal/es6/index.js[39m[22m 1.89 KiB [1m[33m[built][39m[22m [1m[33m[code generated][39m[22m
  [1m./src/index.js + 697 modules[39m[22m 2.08 MiB [1m[31m[not cacheable][39m[22m [1m[33m[built][39m[22m [1m[33m[code generated][39m[22m
  [1mexternal "React"[39m[22m 42 bytes [1m[33m[built][39m[22m [1m[33m[code generated][39m[22m

[1m[33mWARNING[39m[22m in [1masset size limit: The following asset(s) exceed the recommended size limit (244 KiB).
This can impact web performance.
Assets: 
  index.js (751 KiB)[39m[22m

[1m[33mWARNING[39m[22m in [1mentrypoint size limit: The following entrypoint(s) combined asset size exceeds the recommended limit (244 KiB). This can impact web performance.
Entrypoints:
  index (751 KiB)
      index.js
      index.asset.php
[39m[22m

[1m[33mWARNING[39m[22m in [1mwebpack performance recommendations: 
You can limit the size of your bundles by using import() or require.ensure to lazy load some parts of your application.
For more info visit https://webpack.js.org/guides/code-splitting/[39m[22m

webpack 5.106.2 compiled with [1m[33m3 warnings[39m[22m in 42849 ms
